{
  "address": {
    "latitude": 35.2312,
    "longitude": 5.1393
  },
  "created_at": "02/06/2023 00:00:00",
  "id": "f67e429c-ddf3-427f-8503-7afee054ae14",
  "name": "Ted",
  "owner": "Ted\u0027s Grill"
}