{
  "address": {
    "latitude": 40.7223,
    "longitude": 11.1393
  },
  "name": "Tokyo Sushi",
  "owner": "Haru"
}