{
  "description": "Curry chicken with mashed potatoes.",
  "name": "Curry chicken",
  "price": 7.5,
  "restaurant_id": "f67e429c-ddf3-427f-8503-7afee054ae14"
}