{
  "total": 2,
  "count": 2,
  "page": 1,
  "per_page": 10,
  "_embedded": {
    "restaurants": [
      {
        "address": {
          "latitude": 38.7223,
          "longitude": 9.1393
        },
        "created_at": "02/06/2023 00:00:00",
        "id": "f67e429c-ddf3-427f-8503-7afee054ae14",
        "name": "John\u0027s Grill",
        "owner": "John Potato"
      },
      {
        "address": {
          "latitude": 40.7223,
          "longitude": 11.1393
        },
        "created_at": "02/06/2023 00:00:00",
        "id": "ea6b2b78-7a0f-4f81-914f-406fadcc53f7",
        "name": "Tokyo Sushi",
        "owner": "Haru"
      }
    ]
  }
}