{
  "description": "Vietnamese shrimp fried with basmati rice.",
  "id": "811d860d-689e-4f3d-b05b-82f2ade3c6f0",
  "name": "Shrimp fried rice",
  "price": 8.0,
  "restaurant_id": "f67e429c-ddf3-427f-8503-7afee054ae14"
}